// Jest Snapshot v1, https://goo.gl/fbAQLP

exports[`CategoryList renders correctly 1`] = `
<div>
  <div
    className="list-container"
    key="0"
  >
    <Row
      tag="div"
    >
      <Col
        sm="12"
        tag="div"
        widths={
          Array [
            "xs",
            "sm",
            "md",
            "lg",
            "xl",
          ]
        }
      >
        <Card
          tag="div"
        >
          <CardBody
            tag="div"
          >
            <div
              className="cart-title-container"
            >
              <div
                className="cart-title-left"
              >
                <h3>
                  Electronics
                </h3>
              </div>
              <div
                className="cart-title-right"
              >
                <FontAwesomeIcon
                  border={false}
                  className="fa-lg"
                  fixedWidth={false}
                  flip={null}
                  icon="times"
                  inverse={false}
                  listItem={false}
                  mask={null}
                  pull={null}
                  pulse={false}
                  rotation={null}
                  size={null}
                  spin={false}
                  symbol={false}
                  title=""
                  transform={null}
                />
              </div>
            </div>
          </CardBody>
          <CardBody
            className="card-body"
            tag="div"
          >
            <CardText
              tag="p"
            >
              Electronics descriptions goes here.
            </CardText>
          </CardBody>
        </Card>
      </Col>
    </Row>
  </div>
  <div
    className="list-container"
    key="1"
  >
    <Row
      tag="div"
    >
      <Col
        sm="12"
        tag="div"
        widths={
          Array [
            "xs",
            "sm",
            "md",
            "lg",
            "xl",
          ]
        }
      >
        <Card
          tag="div"
        >
          <CardBody
            tag="div"
          >
            <div
              className="cart-title-container"
            >
              <div
                className="cart-title-left"
              >
                <h3>
                  Clothes
                </h3>
              </div>
              <div
                className="cart-title-right"
              >
                <FontAwesomeIcon
                  border={false}
                  className="fa-lg"
                  fixedWidth={false}
                  flip={null}
                  icon="times"
                  inverse={false}
                  listItem={false}
                  mask={null}
                  pull={null}
                  pulse={false}
                  rotation={null}
                  size={null}
                  spin={false}
                  symbol={false}
                  title=""
                  transform={null}
                />
              </div>
            </div>
          </CardBody>
          <CardBody
            className="card-body"
            tag="div"
          >
            <CardText
              tag="p"
            >
              Clothes descriptions goes here.
            </CardText>
          </CardBody>
        </Card>
      </Col>
    </Row>
  </div>
</div>
`;
