// Jest Snapshot v1, https://goo.gl/fbAQLP

exports[`CreateCategory renders correctly 1`] = `
<div>
  <div
    className="col-md-6"
  >
    <h1>
      Create category
    </h1>
    <form
      onChange={[Function]}
      onSubmit={[Function]}
    >
      <div
        className="form-group"
      >
        <label
          htmlFor="cname"
        >
          Enter name of the category
        </label>
        <input
          className="form-control"
          defaultValue=""
          id="cname"
          name="cname"
          placeholder="Enter name of the category"
          required={true}
          type="text"
        />
      </div>
      <div
        className="form-group"
      >
        <label
          htmlFor="description"
        >
          Example description of the category
        </label>
        <textarea
          className="form-control"
          defaultValue=""
          id="description"
          name="description"
          required={true}
          rows="3"
        />
      </div>
      <div
        className="form-group"
      >
        <input
          className="add-sub-cat-btn btn-success"
          onClick={[Function]}
          type="button"
          value="Add subcategory"
        />
      </div>
      <div
        key="0"
      >
        <div
          className="form-group sub-cat-item"
        >
          <label
            htmlFor="subcat-0"
          >
            Sub Category  1
          </label>
          <input
            className="name"
            data-id={0}
            defaultValue=""
            id="subcat-0"
            name="subcat-0"
            type="text"
          />
        </div>
      </div>
      <input
        type="submit"
        value="Submit"
      />
    </form>
  </div>
</div>
`;
