// Jest Snapshot v1, https://goo.gl/fbAQLP

exports[`Home renders correctly 1`] = `
<div>
  <h1>
    Welcome to the Tornadoes Website!
  </h1>
</div>
`;
