// Jest Snapshot v1, https://goo.gl/fbAQLP

exports[`Admin renders correctly 1`] = `
<div>
  <div>
    <nav>
      <ul
        className="admin_home"
      >
        <li>
          <Link
            replace={false}
            to="/create-category"
          >
            Add Category
          </Link>
        </li>
        <li>
          <Link
            replace={false}
            to="/create-product"
          >
            Add Product
          </Link>
        </li>
        <li>
          <Link
            replace={false}
            to="/category-list"
          >
            View category List
          </Link>
        </li>
        <li>
          <Link
            replace={false}
            to="/product-list"
          >
            View product list
          </Link>
        </li>
      </ul>
    </nav>
  </div>
</div>
`;
