// Jest Snapshot v1, https://goo.gl/fbAQLP

exports[`Main renders correctly 1`] = `
<div
  className="container"
>
  <main>
    <Switch>
      <Route
        component={[Function]}
        exact={true}
        path="/"
      />
      <Route
        component={[Function]}
        exact={true}
        path="/admin"
      />
      <Route
        component={[Function]}
        exact={true}
        path="/userproductList"
      />
      <Route
        component={[Function]}
        exact={true}
        path="/create-category"
      />
      <Route
        component={[Function]}
        exact={true}
        path="/create-product"
      />
      <Route
        component={[Function]}
        exact={true}
        path="/category-list"
      />
      <Route
        component={[Function]}
        exact={true}
        path="/product-list"
      />
      <Route
        component={[Function]}
        exact={true}
        path="/product-detail"
      />
      <Route
        component={[Function]}
        exact={true}
        path="/shopping-cart"
      />
      <Route
        component={[Function]}
        exact={true}
        path="/search"
      />
      <Route
        component={[Function]}
        exact={true}
        path="/checkout"
      />
      <Route
        component={[Function]}
      />
    </Switch>
  </main>
</div>
`;
