// Jest Snapshot v1, https://goo.gl/fbAQLP

exports[`Admin renders correctly 1`] = `
<div>
  <h3>
    No match for 
    <code>
      /product-detail
    </code>
  </h3>
</div>
`;
