// Jest Snapshot v1, https://goo.gl/fbAQLP

exports[`Admin renders correctly 1`] = `
<div>
  <h1
    style={
      Object {
        "marginLeft": "20px",
      }
    }
  >
    Shopping cart
  </h1>
  <div
    className="col-md-12 plist_container"
    style={
      Object {
        "marginTop": "40px",
      }
    }
  >
    <h2
      style={
        Object {
          "color": "red",
        }
      }
    >
      No products in the cart
    </h2>
  </div>
</div>
`;
