// Jest Snapshot v1, https://goo.gl/fbAQLP

exports[`User renders correctly 1`] = `
<div>
  <h1>
    Update category
  </h1>
  <form
    onChange={[Function]}
    onSubmit={[Function]}
  >
    <div
      className="form-group"
    >
      <label
        htmlFor="name"
      >
        Edit name of the Category
      </label>
      <input
        className="form-control"
        defaultValue="Sony bravia"
        id="name"
        name="name"
        placeholder="Enter name of the category"
        required={true}
        type="text"
      />
    </div>
    <div
      className="form-group"
    >
      <label
        htmlFor="description"
      >
        Edit description of the Category
      </label>
      <textarea
        className="form-control"
        defaultValue="asdasd"
        id="description"
        name="description"
        required={true}
        rows="3"
      />
    </div>
    <input
      type="submit"
      value="Submit"
    />
  </form>
</div>
`;
