// Jest Snapshot v1, https://goo.gl/fbAQLP

exports[`User renders correctly 1`] = `
<div>
  <h1>
    Something went wrong
  </h1>
  <div
    className="plist_container"
  />
</div>
`;
